
生成失败。
    0 个警告
    0 个错误

已用时间 00:00:07.07
