[Licensing::Module] Trying to connect to existing licensing client channel...
Built from '6000.0/respin/6000.0.58f2-44b8bf3a32' branch; Version is '6000.0.58f2 (92dee566b325) revision 9625317'; Using compiler version '193933523'; Build Type 'Release'
[Licensing::IpcConnector] Channel LicenseClient-luxinyu doesn't exist
OS: 'Windows 10  (10.0.19045) 64bit Professional' Language: 'zh' Physical Memory: 32609 MB
BatchMode: 1, IsHumanControllingUs: 0, StartBugReporterOnCrash: 0, Is64bit: 1
Date: 2026-03-16T03:30:43Z
[Licensing::Module] Successfully launched the LicensingClient (PId: 32668)

COMMAND LINE ARGUMENTS:
C:\Program Files\Unity 6000.0.58f2\Editor\Unity.exe
-batchmode
-quit
-projectPath
D:\05ET\MatchTest\ETGame
-executeMethod
ET.ReGenerateProjectFilesHelper.Run
-logFile
D:\05ET\MatchTest\ETGame\regenerate_project_files.log
Successfully changed project path to: D:\05ET\MatchTest\ETGame
D:/05ET/MatchTest/ETGame
It looks like another Unity instance is running with this project open.

Multiple Unity instances cannot open the same project.

Project: D:/05ET/MatchTest/ETGame
Fatal Error! It looks like another Unity instance is running with this project open.

Multiple Unity instances cannot open the same project.

Project: D:/05ET/MatchTest/ETGame
Crash!!!
SymInit: Symbol-SearchPath: 'C:/Program Files/Unity 6000.0.58f2/Editor/Data/Mono;.;D:\05ET\MatchTest\ETGame;D:\05ET\MatchTest\ETGame\Library\BurstCache\JIT;C:\Program Files\Unity 6000.0.58f2\Editor;C:\Windows;C:\Windows\system32;', symOptions: 534, UserName: 'luxinyu'
OS-Version: 10.0.0
C:\Program Files\Unity 6000.0.58f2\Editor\Unity.exe:Unity.exe (00007FF66DD80000), size: 299008 (result: 0), SymType: '-deferred-', PDB: '', fileVersion: 6000.0.58.57061
C:\Windows\SYSTEM32\ntdll.dll:ntdll.dll (00007FF9FE610000), size: 2064384 (result: 0), SymType: '-deferred-', PDB: '', fileVersion: 10.0.19041.5438
C:\Windows\System32\KERNEL32.DLL:KERNEL32.DLL (00007FF9FDE70000), size: 794624 (result: 0), SymType: '-deferred-', PDB: '', fileVersion: 10.0.19041.5678
C:\Windows\System32\KERNELBASE.dll:KERNELBASE.dll (00007FF9FC160000), size: 3104768 (result: 0), SymType: '-deferred-', PDB: '', fileVersion: 10.0.19041.5678
C:\Windows\System32\USER32.dll:USER32.dll (00007FF9FD9D0000), size: 1691648 (result: 0), SymType: '-deferred-', PDB: '', fileVersion: 10.0.19041.5737
C:\Windows\System32\win32u.dll:win32u.dll (00007FF9FC100000), size: 139264 (result: 0), SymType: '-deferred-', PDB: '', fileVersion: 10.0.19041.5737
C:\Windows\System32\GDI32.dll:GDI32.dll (00007FF9FD640000), size: 176128 (result: 0), SymType: '-deferred-', PDB: '', fileVersion: 10.0.19041.5737
C:\Windows\System32\gdi32full.dll:gdi32full.dll (00007FF9FC460000), size: 1155072 (result: 0), SymType: '-deferred-', PDB: '', fileVersion: 10.0.19041.5737
C:\Windows\System32\msvcp_win.dll:msvcp_win.dll (00007FF9FBCA0000), size: 643072 (result: 0), SymType: '-deferred-', PDB: '', fileVersion: 10.0.19041.3636
C:\Windows\System32\ucrtbase.dll:ucrtbase.dll (00007FF9FC000000), size: 1048576 (result: 0), SymType: '-deferred-', PDB: '', fileVersion: 10.0.19041.3636
C:\Windows\System32\IMM32.DLL:IMM32.DLL (00007FF9FD870000), size: 192512 (result: 0), SymType: '-deferred-', PDB: '', fileVersion: 10.0.19041.5737
C:\Program Files (x86)\360\360Safe\safemon\SafeWrapper.dll:SafeWrapper.dll (0000000073A80000), size: 53248 (result: 0), SymType: '-deferred-', PDB: '', fileVersion: 2.0.0.1310
C:\Windows\System32\ADVAPI32.dll:ADVAPI32.dll (00007FF9FD530000), size: 716800 (result: 0), SymType: '-deferred-', PDB: '', fileVersion: 10.0.19041.5737
C:\Windows\System32\msvcrt.dll:msvcrt.dll (00007FF9FCA30000), size: 647168 (result: 0), SymType: '-deferred-', PDB: '', fileVersion: 7.0.19041.3636
C:\Windows\System32\sechost.dll:sechost.dll (00007FF9FC630000), size: 651264 (result: 0), SymType: '-deferred-', PDB: '', fileVersion: 10.0.19041.5737
C:\Windows\System32\RPCRT4.dll:RPCRT4.dll (00007FF9FCAD0000), size: 1191936 (result: 0), SymType: '-deferred-', PDB: '', fileVersion: 10.0.19041.4957
C:\Windows\System32\bcrypt.dll:bcrypt.dll (00007FF9FC130000), size: 159744 (result: 0), SymType: '-deferred-', PDB: '', fileVersion: 10.0.19041.5369
C:\Program Files (x86)\360\360Safe\safemon\capid64.dll:capid64.dll (00007FF9FB910000), size: 253952 (result: 0), SymType: '-deferred-', PDB: '', fileVersion: 1.0.0.1010
C:\Windows\System32\SHLWAPI.dll:SHLWAPI.dll (00007FF9FD5E0000), size: 348160 (result: 0), SymType: '-deferred-', PDB: '', fileVersion: 10.0.19041.4355
C:\Program Files\Unity 6000.0.58f2\Editor\Unity.dll:Unity.dll (00007FF8EC620000), size: 87121920 (result: 0), SymType: '-deferred-', PDB: '', fileVersion: 6000.0.58.57061
C:\Windows\System32\CRYPT32.dll:CRYPT32.dll (00007FF9FBD40000), size: 1429504 (result: 0), SymType: '-deferred-', PDB: '', fileVersion: 10.0.19041.5737
C:\Windows\System32\ole32.dll:ole32.dll (00007FF9FDB70000), size: 1224704 (result: 0), SymType: '-deferred-', PDB: '', fileVersion: 10.0.19041.5369
C:\Windows\System32\combase.dll:combase.dll (00007FF9FC6D0000), size: 3493888 (result: 0), SymType: '-deferred-', PDB: '', fileVersion: 10.0.19041.5553
C:\Windows\System32\SETUPAPI.dll:SETUPAPI.dll (00007FF9FE0F0000), size: 4657152 (result: 0), SymType: '-deferred-', PDB: '', fileVersion: 10.0.19041.5369
C:\Windows\System32\cfgmgr32.dll:cfgmgr32.dll (00007FF9FBEA0000), size: 319488 (result: 0), SymType: '-deferred-', PDB: '', fileVersion: 10.0.19041.3996
C:\Windows\System32\SHELL32.dll:SHELL32.dll (00007FF9FCDC0000), size: 7794688 (result: 0), SymType: '-deferred-', PDB: '', fileVersion: 10.0.19041.5678
C:\Program Files\Unity 6000.0.58f2\Editor\libfbxsdk.dll:libfbxsdk.dll (00007FF955AA0000), size: 8019968 (result: 0), SymType: '-deferred-', PDB: '', fileVersion: 2020.3.7.0
C:\Windows\System32\WS2_32.dll:WS2_32.dll (00007FF9FCC80000), size: 438272 (result: 0), SymType: '-deferred-', PDB: '', fileVersion: 10.0.19041.3636
C:\Windows\System32\OLEAUT32.dll:OLEAUT32.dll (00007FF9FD8A0000), size: 839680 (result: 0), SymType: '-deferred-', PDB: '', fileVersion: 10.0.19041.3636
C:\Windows\System32\WINTRUST.dll:WINTRUST.dll (00007FF9FBEF0000), size: 471040 (result: 0), SymType: '-deferred-', PDB: '', fileVersion: 10.0.19041.5737
C:\Program Files\Unity 6000.0.58f2\Editor\s3tcompress.dll:s3tcompress.dll (00007FF9D5290000), size: 180224 (result: 0), SymType: '-deferred-', PDB: ''
C:\Program Files\Unity 6000.0.58f2\Editor\etccompress.dll:etccompress.dll (00007FF9D24F0000), size: 5070848 (result: 0), SymType: '-deferred-', PDB: ''
C:\Program Files\Unity 6000.0.58f2\Editor\ispc_texcomp.dll:ispc_texcomp.dll (00007FF9D2330000), size: 1826816 (result: 0), SymType: '-deferred-', PDB: ''
C:\Program Files\Unity 6000.0.58f2\Editor\compress_bc7e.dll:compress_bc7e.dll (00007FF965E00000), size: 1433600 (result: 0), SymType: '-deferred-', PDB: ''
C:\Program Files\Unity 6000.0.58f2\Editor\FreeImage.dll:FreeImage.dll (0000000180000000), size: 5783552 (result: 0), SymType: '-deferred-', PDB: '', fileVersion: 3.18.0.0
C:\Program Files\Unity 6000.0.58f2\Editor\WinPixEventRuntime.dll:WinPixEventRuntime.dll (00007FF9F5940000), size: 57344 (result: 0), SymType: '-deferred-', PDB: '', fileVersion: 1.0.2403.8001
C:\Program Files\Unity 6000.0.58f2\Editor\umbraoptimizer64.dll:umbraoptimizer64.dll (00007FF965CD0000), size: 1187840 (result: 0), SymType: '-deferred-', PDB: ''
C:\Windows\SYSTEM32\d3d11.dll:d3d11.dll (00007FF9F9F50000), size: 2502656 (result: 0), SymType: '-deferred-', PDB: '', fileVersion: 10.0.19041.4355
C:\Windows\SYSTEM32\dwmapi.dll:dwmapi.dll (00007FF9F8640000), size: 192512 (result: 0), SymType: '-deferred-', PDB: '', fileVersion: 10.0.19041.5737
C:\Windows\SYSTEM32\d3d12.dll:d3d12.dll (00007FF9D0720000), size: 151552 (result: 0), SymType: '-deferred-', PDB: '', fileVersion: 10.0.19041.4355
C:\Windows\SYSTEM32\dxgi.dll:dxgi.dll (00007FF9FA200000), size: 1007616 (result: 0), SymType: '-deferred-', PDB: '', fileVersion: 10.0.19041.5438
C:\Windows\SYSTEM32\HID.DLL:HID.DLL (00007FF9F93F0000), size: 53248 (result: 0), SymType: '-deferred-', PDB: '', fileVersion: 10.0.19041.3636
C:\Windows\SYSTEM32\IPHLPAPI.DLL:IPHLPAPI.DLL (00007FF9FB970000), size: 241664 (result: 0), SymType: '-deferred-', PDB: '', fileVersion: 10.0.19041.3636
C:\Windows\SYSTEM32\OPENGL32.dll:OPENGL32.dll (00007FF998CD0000), size: 1212416 (result: 0), SymType: '-deferred-', PDB: '', fileVersion: 10.0.19041.5438
C:\Windows\SYSTEM32\WINHTTP.dll:WINHTTP.dll (00007FF9F42D0000), size: 1089536 (result: 0), SymType: '-deferred-', PDB: '', fileVersion: 10.0.19041.5438
C:\Windows\SYSTEM32\WINMM.dll:WINMM.dll (00007FF9EA1A0000), size: 159744 (result: 0), SymType: '-deferred-', PDB: '', fileVersion: 10.0.19041.3636
C:\Program Files\Unity 6000.0.58f2\Editor\SketchUpAPI.dll:SketchUpAPI.dll (00007FF954DA0000), size: 8990720 (result: 0), SymType: '-deferred-', PDB: '', fileVersion: 23.0.0.0
C:\Windows\SYSTEM32\GLU32.dll:GLU32.dll (00007FF998A40000), size: 180224 (result: 0), SymType: '-deferred-', PDB: '', fileVersion: 10.0.19041.3636
C:\Windows\SYSTEM32\MSVCP140.dll:MSVCP140.dll (00007FF956BC0000), size: 561152 (result: 0), SymType: '-deferred-', PDB: '', fileVersion: 14.44.35211.0
C:\Program Files\Unity 6000.0.58f2\Editor\NativeProxyHelper.dll:NativeProxyHelper.dll (00007FF9581F0000), size: 1789952 (result: 0), SymType: '-deferred-', PDB: ''
C:\Windows\SYSTEM32\VCRUNTIME140.dll:VCRUNTIME140.dll (00007FF965990000), size: 122880 (result: 0), SymType: '-deferred-', PDB: '', fileVersion: 14.44.35211.0
C:\Windows\SYSTEM32\VCRUNTIME140_1.dll:VCRUNTIME140_1.dll (00007FF9DD980000), size: 49152 (result: 0), SymType: '-deferred-', PDB: '', fileVersion: 14.44.35211.0
C:\Windows\SYSTEM32\VERSION.dll:VERSION.dll (00007FF9FB960000), size: 40960 (result: 0), SymType: '-deferred-', PDB: '', fileVersion: 10.0.19041.3636
C:\Windows\SYSTEM32\WSOCK32.dll:WSOCK32.dll (00007FF9975C0000), size: 36864 (result: 0), SymType: '-deferred-', PDB: '', fileVersion: 10.0.19041.1
C:\Windows\SYSTEM32\kernel.appcore.dll:kernel.appcore.dll (00007FF9FA630000), size: 73728 (result: 0), SymType: '-deferred-', PDB: '', fileVersion: 10.0.19041.3758
C:\Program Files\Unity 6000.0.58f2\Editor\SketchUpCommonPreferences.dll:SketchUpCommonPreferences.dll (00007FF9D3050000), size: 499712 (result: 0), SymType: '-deferred-', PDB: '', fileVersion: 23.0.0.0
C:\Windows\SYSTEM32\Secur32.dll:Secur32.dll (00007FF9E9FB0000), size: 49152 (result: 0), SymType: '-deferred-', PDB: '', fileVersion: 10.0.19041.3636
C:\Windows\SYSTEM32\SSPICLI.DLL:SSPICLI.DLL (00007FF9FBB50000), size: 204800 (result: 0), SymType: '-deferred-', PDB: '', fileVersion: 10.0.19041.5737
C:\Program Files\Unity 6000.0.58f2\Editor\OpenRL.dll:OpenRL.dll (0000013ADE170000), size: 12779520 (result: 0), SymType: '-deferred-', PDB: '', fileVersion: 1.5.0.2907
C:\Windows\SYSTEM32\MSVCP100.dll:MSVCP100.dll (00000000722F0000), size: 622592 (result: 0), SymType: '-deferred-', PDB: '', fileVersion: 10.0.40219.473
C:\Program Files\Unity 6000.0.58f2\Editor\embree.dll:embree.dll (00007FF953DB0000), size: 16711680 (result: 0), SymType: '-deferred-', PDB: '', fileVersion: 2.14.0.0
C:\Windows\SYSTEM32\MSVCR100.dll:MSVCR100.dll (0000000072390000), size: 860160 (result: 0), SymType: '-deferred-', PDB: '', fileVersion: 10.0.40219.473
C:\Windows\SYSTEM32\MSWSOCK.DLL:MSWSOCK.DLL (00007FF9FB2D0000), size: 442368 (result: 0), SymType: '-deferred-', PDB: '', fileVersion: 10.0.19041.5553
C:\Program Files\Unity 6000.0.58f2\Editor\tbb.dll:tbb.dll (00007FF9D0070000), size: 303104 (result: 0), SymType: '-deferred-', PDB: '', fileVersion: 2020.3.2022.1111
C:\Program Files\Unity 6000.0.58f2\Editor\OpenRL_pthread.dll:OpenRL_pthread.dll (0000013ADDA00000), size: 61440 (result: 0), SymType: '-deferred-', PDB: '', fileVersion: 2.9.0.0
C:\Windows\SYSTEM32\MSASN1.dll:MSASN1.dll (00007FF9FB9B0000), size: 73728 (result: 0), SymType: '-deferred-', PDB: '', fileVersion: 10.0.19041.3636
C:\Windows\System32\bcryptprimitives.dll:bcryptprimitives.dll (00007FF9FBF70000), size: 532480 (result: 0), SymType: '-deferred-', PDB: '', fileVersion: 10.0.19041.5007
C:\Windows\system32\uxtheme.dll:uxtheme.dll (00007FF9F84B0000), size: 647168 (result: 0), SymType: '-deferred-', PDB: '', fileVersion: 10.0.19041.4529
C:\Windows\SYSTEM32\windows.storage.dll:windows.storage.dll (00007FF9F8C40000), size: 8007680 (result: 0), SymType: '-deferred-', PDB: '', fileVersion: 10.0.19041.5678
C:\Windows\SYSTEM32\Wldp.dll:Wldp.dll (00007FF9FB4F0000), size: 176128 (result: 0), SymType: '-deferred-', PDB: '', fileVersion: 10.0.19041.5737
C:\Windows\System32\SHCORE.dll:SHCORE.dll (00007FF9FCCF0000), size: 708608 (result: 0), SymType: '-deferred-', PDB: '', fileVersion: 10.0.19041.5678
C:\Windows\SYSTEM32\profapi.dll:profapi.dll (00007FF9FBBD0000), size: 151552 (result: 0), SymType: '-deferred-', PDB: '', fileVersion: 10.0.19041.5553
C:\Windows\system32\IconCodecService.dll:IconCodecService.dll (00007FF9E5F00000), size: 36864 (result: 0), SymType: '-deferred-', PDB: '', fileVersion: 10.0.19041.1
C:\Windows\SYSTEM32\WindowsCodecs.dll:WindowsCodecs.dll (00007FF9F8270000), size: 1785856 (result: 0), SymType: '-deferred-', PDB: '', fileVersion: 10.0.19041.5129
C:\Windows\System32\clbcatq.dll:clbcatq.dll (00007FF9FE040000), size: 692224 (result: 0), SymType: '-deferred-', PDB: '', fileVersion: 2001.12.10941.16384
C:\Windows\System32\netprofm.dll:netprofm.dll (00007FF9F7FB0000), size: 258048 (result: 0), SymType: '-deferred-', PDB: '', fileVersion: 10.0.19041.4355
C:\Windows\System32\npmproxy.dll:npmproxy.dll (00007FF9F47E0000), size: 65536 (result: 0), SymType: '-deferred-', PDB: '', fileVersion: 10.0.19041.4239
C:\Windows\SYSTEM32\dbghelp.dll:dbghelp.dll (00007FF9F9D60000), size: 1982464 (result: 0), SymType: '-deferred-', PDB: '', fileVersion: 10.0.19041.3636

========== OUTPUTTING STACK TRACE ==================

0x00007FF9FC19B699 (KERNELBASE) RaiseException
[Licensing::IpcConnector] Successfully connected to: "LicenseClient-luxinyu" at "2026-03-16T03:30:43.7631971Z"
0x00007FF8EE1BC0D5 (Unity) EditorMonoConsole::LogToConsoleImplementation
0x00007FF8EE1BCD9A (Unity) EditorMonoConsole::LogToConsoleImplementation
0x00007FF8EEE5126D (Unity) DebugStringToFilePostprocessedStacktrace
0x00007FF8EEE50608 (Unity) DebugStringToFile
0x00007FF8EE2BA916 (Unity) HandleProjectAlreadyOpenInAnotherInstance
0x00007FF8EE2BC728 (Unity) Application::InitializeProject
0x00007FF8EE8AAC35 (Unity) UnityMain
0x00007FF66DD82FBA (Unity) __scrt_common_main_seh
0x00007FF9FDE87374 (KERNEL32) BaseThreadInitThunk
0x00007FF9FE65CC91 (ntdll) RtlUserThreadStart

========== END OF STACKTRACE ===========

A crash has been intercepted by the crash handler. For call stack and other details, see the latest crash report generated in:
 * C:/Users/luxinyu/AppData/Local/Temp/Unity/Editor/Crashes
[Licensing::Client] Code 10 while verifying Licensing Client signature (process Id: 32668, path: "C:/Program Files/Unity 6000.0.58f2/Editor/Data/Resources/Licensing/Client/Unity.Licensing.Client.exe")
[Licensing::Module] LicensingClient has failed validation; ignoring
[Licensing::Client] Handshaking with LicensingClient:
  Version:                 1.17.2+ff71f16
  Session Id:              f32fe1693f914166bbdb918c9e74d075
  Correlation Id:          f78159cce09e4d2564ae0f2eb8a3163c
  External correlation Id: 1279742747998324133
  Machine Id:              UOJXh5QphUCWeQ208AN8hEEVPxk=
[Licensing::Module] Successfully connected to LicensingClient on channel: "LicenseClient-luxinyu" (connect: 0.37s, validation: 1.56s, handshake: 0.07s)
[Licensing::IpcConnector] Successfully connected to: "LicenseClient-luxinyu-notifications" at "2026-03-16T03:30:45.3884286Z"
[Licensing::Module] Connected to LicensingClient (PId: 32668, launch time: 0.11, total connection time: 2.00s)
[Licensing::Module] Error: Access token is unavailable; failed to update
[Licensing::Client] Successfully resolved entitlement details
[Licensing::Module] License group:
  Id: ewogICJzdWJzR3JvdXAiIDogInVuaXR5IGVkaXRvciIsCiAgIm5hbWVzcGFjZSIgOiAidW5pdHlfZWRpdG9yIiwKICAidHlwZSIgOiAiRURJVE9SIiwKICAidGFnIiA6ICJVbml0eVBlcnNvbmFsXXXX
  Product: Unity Personal Version
  Type: Assigned
  Expiration: Unlimited
[Licensing::Client] Successfully updated license, isAsync: True, time: 0.01
[Licensing::Client] Successfully resolved entitlement details
[Licensing::Module] Licensing Background thread has ended after 2.15s
